<testsuites id="" name="" tests="3" failures="1" skipped="0" errors="0" time="16.9715189999938">
<testsuite name="HandlingWindows.spec.js" timestamp="2024-03-31T22:34:35.775Z" hostname="chromium" tests="1" failures="1" skipped="0" time="10.54" errors="0">
<testcase name="Handle Multiple Pages/Windows" classname="HandlingWindows.spec.js" time="10.54">
<failure message="HandlingWindows.spec.js:22:6 Handle Multiple Pages/Windows" type="FAILURE">
<![CDATA[  [chromium] › HandlingWindows.spec.js:22:6 › Handle Multiple Pages/Windows ────────────────────────

    Error: Timed out 5000ms waiting for expect(received).toHaveTitle(expected)

    Expected string: "OrangeHRM HR Software | Free & Open Source HR Software | HRMS | HRIS | OrangeHRM"
    Received string: "Human Resources Management Software | OrangeHRM"
    Call log:
      - expect.toHaveTitle with timeout 5000ms
      - waiting for locator(':root')
      -   locator resolved to <html lang="en-US">…</html>
      -   unexpected value "Human Resources Management Software | OrangeHRM"
      -   locator resolved to <html lang="en-US">…</html>
      -   unexpected value "Human Resources Management Software | OrangeHRM"
      -   locator resolved to <html lang="en-US">…</html>
      -   unexpected value "Human Resources Management Software | OrangeHRM"
      -   locator resolved to <html lang="en-US">…</html>
      -   unexpected value "Human Resources Management Software | OrangeHRM"
      -   locator resolved to <html lang="en-US">…</html>
      -   unexpected value "Human Resources Management Software | OrangeHRM"
      -   locator resolved to <html lang="en-US">…</html>
      -   unexpected value "Human Resources Management Software | OrangeHRM"
      -   locator resolved to <html lang="en-US">…</html>
      -   unexpected value "Human Resources Management Software | OrangeHRM"
      -   locator resolved to <html lang="en-US">…</html>
      -   unexpected value "Human Resources Management Software | OrangeHRM"
      -   locator resolved to <html lang="en-US">…</html>
      -   unexpected value "Human Resources Management Software | OrangeHRM"


      33 |
      34 |   const newPage= await pagePromise;
    > 35 |   await expect(newPage).toHaveTitle("OrangeHRM HR Software | Free & Open Source HR Software | HRMS | HRIS | OrangeHRM")
         |                         ^
      36 |
      37 |   await page1.waitForTimeout(3000)
      38 |   await newPage.waitForTimeout(3000)

        at D:\Software Projects\PlayWrightAutomationFramework\tests\HandlingWindows.spec.js:35:25
]]>
</failure>
</testcase>
</testsuite>
<testsuite name="screenshot.spec.js" timestamp="2024-03-31T22:34:35.775Z" hostname="chromium" tests="1" failures="0" skipped="0" time="1.34" errors="0">
<testcase name="Element screenshot" classname="screenshot.spec.js" time="1.34">
</testcase>
</testsuite>
<testsuite name="UploadFiles.spec.js" timestamp="2024-03-31T22:34:35.775Z" hostname="chromium" tests="1" failures="0" skipped="0" time="13.306" errors="0">
<testcase name="Multiple Files" classname="UploadFiles.spec.js" time="13.306">
</testcase>
</testsuite>
</testsuites>